../Core/Src/main.c:94:5:main	48	static
../Core/Src/main.c:179:6:SystemClock_Config	96	static
../Core/Src/main.c:228:6:PeriphCommonClock_Config	144	static
../Core/Src/main.c:255:13:MX_ADC1_Init	48	static
../Core/Src/main.c:322:13:MX_DAC1_Init	48	static
../Core/Src/main.c:387:13:MX_RNG_Init	8	static
../Core/Src/main.c:413:13:MX_TIM1_Init	40	static
../Core/Src/main.c:460:13:MX_TIM2_Init	64	static
../Core/Src/main.c:518:13:MX_TIM4_Init	40	static
../Core/Src/main.c:563:13:MX_TIM5_Init	40	static
../Core/Src/main.c:608:13:MX_USART2_UART_Init	8	static
../Core/Src/main.c:643:13:MX_USART3_UART_Init	8	static
../Core/Src/main.c:676:13:MX_DMA_Init	16	static
../Core/Src/main.c:700:13:MX_GPIO_Init	48	static
../Core/Src/main.c:733:6:StartDefaultTask	16	static
../Core/Src/main.c:752:6:HAL_TIM_PeriodElapsedCallback	16	static
../Core/Src/main.c:769:6:Error_Handler	4	static,ignoring_inline_asm
